SP https://superkafe.com/api/payments/callback SUCCESS {
  merchantCode: 'DS28321',
  reference: 'DS2832126UCALU1IGW6DPRV3',
  paymentUrl: 'https://sandbox.duitku.com/topup/topupdirectv2.aspx?ref=SP267DGLJUGU7AOYCLC',
  qrString: '00020101021226560016ID.CO.SHOPEE.WWW011893600918000000025202032520303UMI52041234530336054102000000.005802ID5906Duitku6015KOTA JAKARTA SE610106222051816037171485849207963049B94',
  amount: '2000000',
  statusCode: '00',
  statusMessage: 'SUCCESS'
}
SP https://proexpert-hermelinda-exorbitantly.ngrok-free.dev/api/payments/callback SUCCESS {
  merchantCode: 'DS28321',
  reference: 'DS2832126RKYLKD1SJDEGZR8',
  paymentUrl: 'https://sandbox.duitku.com/topup/topupdirectv2.aspx?ref=SP26WLTY2ULP74RR0PW',
  qrString: '00020101021226560016ID.CO.SHOPEE.WWW011893600918000000025202032520303UMI52041234530336054102000000.005802ID5906Duitku6015KOTA JAKARTA SE6101062220518129598664607954133630462C2',
  amount: '2000000',
  statusCode: '00',
  statusMessage: 'SUCCESS'
}
SP http://localhost:5001/api/payments/callback SUCCESS {
  merchantCode: 'DS28321',
  reference: 'DS28321263VXB00E856IFEAA',
  paymentUrl: 'https://sandbox.duitku.com/topup/topupdirectv2.aspx?ref=SP26SR6YVWJYA8CNLZL',
  qrString: '00020101021226560016ID.CO.SHOPEE.WWW011893600918000000025202032520303UMI52041234530336054102000000.005802ID5906Duitku6015KOTA JAKARTA SE61010622205181228396516162934486304FC16',
  amount: '2000000',
  statusCode: '00',
  statusMessage: 'SUCCESS'
}
